
> enrichment-switcher-frontend@0.1.0 build
> npm run generate:harmonies && next build


> enrichment-switcher-frontend@0.1.0 generate:harmonies
> npx tsx scripts/generate-harmony-bundle.ts

Found 18 YAML files
✓ Generated /Users/jeffignacio/refyne_data/frontend/lib/harmonies/library/generated-bundle.ts
  Bundled 18 files: address-country.yaml, address-state.yaml, company-domain.yaml, company-employees.yaml, company-industry.yaml, company-name.yaml, company-revenue.yaml, contact-email-lower.yaml, contact-location.yaml, contact-name-case.yaml, contact-phone-e164.yaml, contact-title-standard.yaml, email.yaml, linkedin-url.yaml, person-name.yaml, person-title.yaml, phone.yaml, website-social-media.yaml
  ▲ Next.js 14.2.35
  - Environments: .env.local, .env.production
  - Experiments (use with caution):
    · instrumentationHook

   Creating an optimized production build ...
[@sentry/nextjs] It appears you've configured a `sentry.server.config.ts` file. Please ensure to put this file's content into the `register()` function of a Next.js instrumentation file instead. To ensure correct functionality of the SDK, `Sentry.init` must be called inside of an instrumentation file. Learn more about setting up an instrumentation file in Next.js: https://nextjs.org/docs/app/building-your-application/optimizing/instrumentation. You can safely delete the `sentry.server.config.ts` file afterward.
[@sentry/nextjs] It seems like you don't have a global error handler set up. It is recommended that you add a 'global-error.js' file with Sentry instrumentation so that React rendering errors are reported to Sentry. Read more: https://docs.sentry.io/platforms/javascript/guides/nextjs/manual-setup/#react-render-errors-in-app-router (you can suppress this warning by setting SENTRY_SUPPRESS_GLOBAL_ERROR_HANDLER_FILE_WARNING=1 as environment variable)
[@sentry/nextjs] It appears you've configured a `sentry.edge.config.ts` file. Please ensure to put this file's content into the `register()` function of a Next.js instrumentation file instead. To ensure correct functionality of the SDK, `Sentry.init` must be called inside of an instrumentation file. Learn more about setting up an instrumentation file in Next.js: https://nextjs.org/docs/app/building-your-application/optimizing/instrumentation. You can safely delete the `sentry.edge.config.ts` file afterward.
[@sentry/nextjs] DEPRECATION WARNING: It is recommended renaming your `sentry.client.config.ts` file, or moving its content to `instrumentation-client.ts`. When using Turbopack `sentry.client.config.ts` will no longer work. Read more about the `instrumentation-client.ts` file: https://nextjs.org/docs/app/api-reference/file-conventions/instrumentation-client
<w> [webpack.cache.PackFileCacheStrategy] Serializing big strings (139kiB) impacts deserialization performance (consider using Buffer instead and decode when needed)
<w> [webpack.cache.PackFileCacheStrategy] Serializing big strings (195kiB) impacts deserialization performance (consider using Buffer instead and decode when needed)
 ⚠ Compiled with warnings

./node_modules/bullmq/dist/esm/classes/child-processor.js
Critical dependency: the request of a dependency is an expression

Import trace for requested module:
./node_modules/bullmq/dist/esm/classes/child-processor.js
./node_modules/bullmq/dist/esm/classes/index.js
./node_modules/bullmq/dist/esm/index.js
./app/api/jobs/[jobId]/status/route.ts

   Linting and checking validity of types ...
Failed to compile.

./lib/auth/super-admin.ts:32:53
Type error: Property 'refyne_role' does not exist on type '{}'.

[0m [90m 30 |[39m   }[0m
[0m [90m 31 |[39m[0m
[0m[31m[1m>[22m[39m[90m 32 |[39m   [36mconst[39m refyneRole [33m=[39m sessionClaims[33m.[39mpublic_metadata[33m?[39m[33m.[39mrefyne_role[33m;[39m[0m
[0m [90m    |[39m                                                     [31m[1m^[22m[39m[0m
[0m [90m 33 |[39m[0m
[0m [90m 34 |[39m   [36mif[39m (refyneRole [33m!==[39m [32m'super_admin'[39m) {[0m
[0m [90m 35 |[39m     [36mthrow[39m [33mNextResponse[39m[33m.[39mjson([0m
Next.js build worker exited with code: 1 and signal: null
