
🧪 Testing Enrich Preview (contacts) with GraphIQ...

📍 Navigating to /enrich?object=contact...
✅ Page loaded
⏳ Waiting for gap analysis to complete...
📸 Screenshot: test-enrich-01-initial.png
📍 Current URL: http://localhost:3000/enrich?object=contact
🔧 Selecting enrichable fields...
✅ Fields selected (using defaults)
🔧 Selecting GraphIQ provider...
⚠️  Provider selector not found, using default
🔧 Setting preview limit to 100...
⚠️  Record limit input not found
📸 Screenshot: test-enrich-02-before-preview.png
🚀 Starting preview...
⏳ Waiting for preview results...
📸 Screenshot: test-enrich-03-results.png

📊 Checking results...
⚠️  No results table found

✅ Test complete! Check screenshots for details.

Screenshots saved:
  - test-enrich-01-initial.png
  - test-enrich-02-before-preview.png
  - test-enrich-03-results.png

🔍 Browser will stay open for 60 seconds for manual inspection...
🔒 Browser closed
